---
source: crates/kirin-derive-core-2/src/kirin/field/tests.rs
expression: "case!\n{\n    #[kirin(type_lattice = T)] struct\n    TestStruct<T>(SSAValue, T, SSAValue, String, f64);\n}"
---
#[automatically_derived]
impl<'a, T> HasArguments<'a> for TestStruct<T> {
    type Iter = TestStructArgumentsIter<'a>;
    fn arguments(&'a self) -> Self::Iter {
        let Self(field_0, field_1, field_2, field_3, field_4) = self;
        TestStructArgumentsIter {
            inner: std::iter::once(field_0).chain(std::iter::once(field_2)),
        }
    }
}
#[automatically_derived]
pub struct TestStructArgumentsIter<'a> {
    inner: std::iter::Chain<
        std::iter::Once<&'a SSAValue>,
        std::iter::Once<&'a SSAValue>,
    >,
}
#[automatically_derived]
impl<'a> Iterator for TestStructArgumentsIter<'a> {
    type Item = &'a SSAValue;
    fn next(&mut self) -> Option<Self::Item> {
        self.inner.next()
    }
}
#[automatically_derived]
impl<'a, T> HasArgumentsMut<'a> for TestStruct<T> {
    type IterMut = TestStructArgumentsMutIter<'a>;
    fn arguments_mut(&'a mut self) -> Self::IterMut {
        let Self(field_0, field_1, field_2, field_3, field_4) = self;
        TestStructArgumentsMutIter {
            inner: std::iter::once(field_0).chain(std::iter::once(field_2)),
        }
    }
}
#[automatically_derived]
pub struct TestStructArgumentsMutIter<'a> {
    inner: std::iter::Chain<
        std::iter::Once<&'a mut SSAValue>,
        std::iter::Once<&'a mut SSAValue>,
    >,
}
#[automatically_derived]
impl<'a> Iterator for TestStructArgumentsMutIter<'a> {
    type Item = &'a mut SSAValue;
    fn next(&mut self) -> Option<Self::Item> {
        self.inner.next()
    }
}
