---
source: crates/kirin-derive-core-2/src/kirin/field/struct_impl.rs
expression: "prettyplease::unparse(&t)"
---
#[automatically_derived]
impl<'a, T: Bound> HasArguments<'a> for MyStruct<T> {
    type Iter = MyStructArgumentsIter<'a>;
    fn arguments(&'a mut self) -> Self::Iter {
        let Self { values, count, marker } = self;
        MyStructArgumentsIter {
            inner: values.iter_mut().chain(std::iter::once(count)),
        }
    }
}
#[automatically_derived]
pub struct MyStructArgumentsIter<'a> {
    inner: std::iter::Chain<
        std::slice::IterMut<'a, SSAValue>,
        std::iter::Once<&'a mut SSAValue>,
    >,
}
#[automatically_derived]
impl<'a> Iterator for MyStructArgumentsIter<'a> {
    type Item = &'a mut SSAValue;
    fn next(&mut self) -> Option<Self::Item> {
        self.inner.next()
    }
}
