---
source: crates/kirin-derive-core-3/src/kirin/attrs.rs
expression: opts
---
KirinStructOptions {
    crate_path: None,
    type_lattice: Path {
        leading_colon: None,
        segments: [
            PathSegment {
                ident: Ident(
                    L,
                ),
                arguments: PathArguments::None,
            },
        ],
    },
    format: None,
    builder: Some(
        Named(
            Ident(
                new,
            ),
        ),
    ),
    constant: true,
    pure: false,
    terminator: false,
}
