---
source: crates/kirin-chumsky-format/src/format.rs
assertion_line: 225
expression: format
---
Format {
    elements: [
        Token(
            [
                Identifier(
                    "dict",
                ),
            ],
        ),
        Token(
            [
                EscapedLBrace,
            ],
        ),
        Field(
            "key",
            Default,
        ),
        Token(
            [
                EscapedRBrace,
            ],
        ),
        Token(
            [
                Equal,
            ],
        ),
        Field(
            "value",
            Default,
        ),
    ],
    fields: {
        "key": 0,
        "value": 1,
    },
}
