---
source: crates/kirin-chumsky-format/src/generate/tests.rs
expression: ast
---
#[derive(Clone, Debug, PartialEq)]
pub struct CustomReturnAST<'tokens, 'src: 'tokens, Language: my_kirin::Dialect>(
    pub my_chumsky::SSAValue<'src, <SimpleType as my_chumsky::HasParser<'tokens, 'src>>::Output>,
    ::core::marker::PhantomData<fn() -> (&'tokens (), &'src (), Language)>,
)
where
    Language: my_kirin::Dialect;
