---
source: crates/kirin-chumsky-format/src/generate/tests.rs
expression: ast
---
#[derive(Clone, Debug, PartialEq)]
pub enum ComposedLangAST<'tokens, 'src: 'tokens, Language: ::kirin::ir::Dialect>
where
    Language: ::kirin::ir::Dialect + 'tokens,
    ArithDialect: ::kirin::parsers::HasDialectParser<'tokens, 'src>,
    ControlDialect: ::kirin::parsers::HasDialectParser<'tokens, 'src>,
{
    Arith(<ArithDialect as ::kirin::parsers::HasDialectParser<'tokens, 'src>>::Output<Language>),
    Control(
        <ControlDialect as ::kirin::parsers::HasDialectParser<'tokens, 'src>>::Output<Language>,
    ),
    #[doc(hidden)]
    __Marker(
        ::core::marker::PhantomData<fn() -> (&'tokens (), &'src (), Language)>,
        ::core::convert::Infallible,
    ),
}
