---
source: crates/kirin-chumsky-format/src/generate/tests.rs
expression: pretty
---
impl ::kirin::pretty::PrettyPrint for CondBranch {
    fn pretty_print<'a, __L: ::kirin::ir::Dialect + ::kirin::pretty::PrettyPrint>(
        &self,
        doc: &'a ::kirin::pretty::Document<'a, __L>,
    ) -> ::kirin::pretty::ArenaDoc<'a>
    where
        __L::TypeLattice: ::core::fmt::Display,
    {
        use kirin::pretty::DocAllocator;
        let CondBranch {
            cond: f_cond,
            then_target: f_then_target,
            else_target: f_else_target,
        } = self;
        doc.text("br ")
            + ::kirin::pretty::PrettyPrint::pretty_print(f_cond, doc)
            + doc.text(", ")
            + ::kirin::pretty::PrettyPrint::pretty_print(f_then_target, doc)
            + doc.text(", ")
            + ::kirin::pretty::PrettyPrint::pretty_print(f_else_target, doc)
    }
}
