---
source: crates/kirin-chumsky-format/src/generate/tests.rs
expression: ast
---
#[derive(Clone, Debug, PartialEq)]
pub struct BranchAST<'tokens, 'src, Language>
where
    Language: ::kirin::ir::Dialect,
{
    pub target: ::kirin::parsers::BlockLabel<'src>,
    #[doc(hidden)]
    _marker: ::core::marker::PhantomData<fn() -> (&'tokens (), &'src (), Language)>,
}
