---
source: crates/kirin-chumsky-format/src/generate/tests.rs
expression: parser
---
impl<'tokens, 'src: 'tokens> ::kirin::parsers::HasDialectParser<'tokens, 'src> for Constant
where
    SimpleType: ::kirin::parsers::HasParser<'tokens, 'src> + 'tokens,
{
    type Output<__TypeOutput, __LanguageOutput>
        = ConstantAST<'tokens, 'src, __TypeOutput, __LanguageOutput>
    where
        __TypeOutput: Clone + PartialEq + 'tokens,
        __LanguageOutput: Clone + PartialEq + 'tokens;
    #[inline]
    fn recursive_parser<I, __TypeOutput, __LanguageOutput>(
        language: ::kirin::parsers::RecursiveParser<'tokens, 'src, I, __LanguageOutput>,
    ) -> ::kirin::parsers::BoxedParser<'tokens, 'src, I, Self::Output<__TypeOutput, __LanguageOutput>>
    where
        I: ::kirin::parsers::TokenInput<'tokens, 'src>,
        __TypeOutput: Clone + PartialEq + 'tokens,
        __LanguageOutput: Clone + PartialEq + 'tokens,
    {
        use kirin::parsers::chumsky::prelude::*;
        { use :: kirin :: parsers :: Token ; :: kirin :: parsers :: nameof_ssa () . then_ignore (:: kirin :: parsers :: chumsky :: prelude :: just (Token :: Equal) . then_ignore (:: kirin :: parsers :: chumsky :: prelude :: just (Token :: Identifier ("constant")))) . then (< Value as :: kirin :: parsers :: HasParser < 'tokens , 'src >> :: parser ()) . then_ignore (:: kirin :: parsers :: chumsky :: prelude :: just (Token :: Arrow)) . then (:: kirin :: parsers :: typeof_ssa :: < _ , SimpleType > ()) . map (| ((res_name , value) , res_type) | -> ConstantAST < 'tokens , 'src , __TypeOutput , __LanguageOutput > { ConstantAST { value : value , res : :: kirin :: parsers :: ResultValue { name : :: kirin :: parsers :: Spanned { value : res_name . name , span : res_name . span } , ty : Some (res_type . ty . clone ()) , } , _marker : :: core :: marker :: PhantomData :: < fn () -> (& 'tokens () , & 'src () , __TypeOutput , __LanguageOutput) > } }) } . boxed ()
    }
}
impl<'tokens, 'src: 'tokens> ::kirin::parsers::HasParser<'tokens, 'src> for Constant
where
    SimpleType: ::kirin::parsers::HasParser<'tokens, 'src> + 'tokens,
{
    type Output = ConstantASTSelf<
        'tokens,
        'src,
        <SimpleType as ::kirin::parsers::HasParser<'tokens, 'src>>::Output,
    >;
    fn parser<I>() -> ::kirin::parsers::BoxedParser<'tokens, 'src, I, Self::Output>
    where
        I: ::kirin::parsers::TokenInput<'tokens, 'src>,
    {
        use kirin::parsers::chumsky::prelude::*;
        ::kirin::parsers::chumsky::recursive::recursive(|language| {
            <Constant as ::kirin::parsers::HasDialectParser<'tokens, 'src>>::recursive_parser::<
                I,
                <SimpleType as ::kirin::parsers::HasParser<'tokens, 'src>>::Output,
                Self::Output,
            >(language)
            .map(|inner| ConstantASTSelf::new(inner))
        })
        .boxed()
    }
}
