---
source: crates/kirin-chumsky-format/src/generate/tests.rs
expression: emit
---
impl<'tokens, 'src: 'tokens, Language: ::kirin_ir::Dialect> ::kirin_chumsky::EmitIR<Language>
    for AddAST<'tokens, 'src, Language>
where
    Language: ::kirin_ir::Dialect + From<Add>,
    <SimpleType as ::kirin_chumsky::HasParser<'tokens, 'src>>::Output:
        ::kirin_chumsky::EmitIR<Language, Output = <Language as ::kirin_ir::Dialect>::TypeLattice>,
{
    type Output = ::kirin_ir::Statement;
    fn emit(&self, ctx: &mut ::kirin_chumsky::EmitContext<'_, Language>) -> Self::Output {
        let Self {
            lhs: f_lhs,
            rhs: f_rhs,
            res: f_res,
            ..
        } = self;
        let f_lhs_ir: ::kirin_ir::SSAValue = ::kirin_chumsky::EmitIR::emit(f_lhs, ctx);
        let f_rhs_ir: ::kirin_ir::SSAValue = ::kirin_chumsky::EmitIR::emit(f_rhs, ctx);
        let f_res_ir: ::kirin_ir::ResultValue = ::kirin_chumsky::EmitIR::emit(f_res, ctx);
        let dialect_variant: Add = Add {
            lhs: f_lhs_ir.into(),
            rhs: f_rhs_ir.into(),
            res: f_res_ir.into(),
        };
        ctx.context.statement().definition(dialect_variant).new()
    }
}
