---
source: crates/kirin-chumsky-format/src/generate/tests.rs
expression: ast
---
#[derive(Clone, Debug, PartialEq)]
pub struct ReturnAST<'tokens, 'src: 'tokens, TypeOutput, LanguageOutput>(
    pub  ::kirin::parsers::SSAValue<
        'src,
        <SimpleType as ::kirin::parsers::HasParser<'tokens, 'src>>::Output,
    >,
    ::core::marker::PhantomData<fn() -> (&'tokens (), &'src (), TypeOutput, LanguageOutput)>,
)
where
    TypeOutput: Clone + PartialEq + 'tokens,
    LanguageOutput: Clone + PartialEq + 'tokens;
#[doc = r" Self-referential wrapper for standalone use."]
#[doc = r""]
#[doc = r" This type sets `LanguageOutput = Self`, creating a self-referential"]
#[doc = r" AST type suitable for use with `HasParser`."]
#[derive(Clone, Debug, PartialEq)]
pub struct ReturnASTSelf<'tokens, 'src: 'tokens, TypeOutput>(
    pub ReturnAST<'tokens, 'src, TypeOutput, ReturnASTSelf<'tokens, 'src, TypeOutput>>,
    ::core::marker::PhantomData<fn() -> (&'tokens (), &'src (), TypeOutput)>,
)
where
    TypeOutput: Clone + PartialEq,
    'src: 'tokens;
impl<'tokens, 'src, TypeOutput> ReturnASTSelf<'tokens, 'src, TypeOutput>
where
    TypeOutput: Clone + PartialEq,
    'src: 'tokens,
{
    #[doc = r" Creates a new ASTSelf wrapper."]
    pub fn new(
        inner: ReturnAST<'tokens, 'src, TypeOutput, ReturnASTSelf<'tokens, 'src, TypeOutput>>,
    ) -> Self {
        Self(inner, ::core::marker::PhantomData)
    }
}
