---
source: crates/kirin-chumsky-format/src/generate/tests.rs
expression: emit
---
impl<'tokens, 'src: 'tokens, Language: ::kirin::ir::Dialect> ::kirin::parsers::EmitIR<Language>
    for ConstantAST<'tokens, 'src, Language>
where
    Language: ::kirin::ir::Dialect + From<Constant>,
    SimpleType: ::kirin::parsers::HasParser<'tokens, 'src> + 'tokens,
    <SimpleType as ::kirin::parsers::HasParser<'tokens, 'src>>::Output: ::kirin::parsers::EmitIR<
        Language,
        Output = <Language as ::kirin::ir::Dialect>::TypeLattice,
    >,
{
    type Output = ::kirin::ir::Statement;
    fn emit(&self, ctx: &mut ::kirin::parsers::EmitContext<'_, Language>) -> Self::Output {
        let Self {
            res: f_res,
            value: f_value,
            ..
        } = self;
        let f_res_ir: ::kirin::ir::ResultValue = ::kirin::parsers::EmitIR::emit(f_res, ctx);
        let f_value_ir = f_value.clone();
        let dialect_variant: Constant = Constant {
            res: f_res_ir.into(),
            value: f_value_ir,
        };
        ctx.context.statement().definition(dialect_variant).new()
    }
}
