---
source: crates/kirin-chumsky-format/src/generate/tests.rs
expression: pretty
---
impl ::kirin::pretty::PrettyPrint for ComposedLang {
    fn pretty_print<'a, __L: ::kirin::ir::Dialect + ::kirin::pretty::PrettyPrint>(
        &self,
        doc: &'a ::kirin::pretty::Document<'a, __L>,
    ) -> ::kirin::pretty::ArenaDoc<'a>
    where
        __L::TypeLattice: ::core::fmt::Display,
    {
        use kirin::pretty::DocAllocator;
        match self {
            ComposedLang::Arith(inner) => ::kirin::pretty::PrettyPrint::pretty_print(inner, doc),
            ComposedLang::Control(inner) => ::kirin::pretty::PrettyPrint::pretty_print(inner, doc),
        }
    }
}
