---
source: crates/kirin-chumsky-format/src/generate/tests.rs
expression: pretty
---
impl ::kirin::pretty::PrettyPrint<EmptyLang> for EmptyLang {
    fn pretty_print<'a>(
        &self,
        doc: &'a ::kirin::pretty::Document<'a, EmptyLang>,
    ) -> ::kirin::pretty::ArenaDoc<'a> {
        use kirin::pretty::DocAllocator;
        match self {}
    }
}
