---
source: crates/kirin-chumsky-format/src/generate/tests.rs
expression: parser
---
#[automatically_derived]
impl<'tokens, 'src: 'tokens> ::kirin::parsers::HasDialectParser<'tokens, 'src> for Return
where
    SimpleType: ::kirin::parsers::HasParser<'tokens, 'src> + 'tokens,
{
    type Output<__TypeOutput, __LanguageOutput>
        = ReturnAST<'tokens, 'src, __TypeOutput, __LanguageOutput>
    where
        __TypeOutput: Clone + PartialEq + 'tokens,
        __LanguageOutput: Clone + PartialEq + 'tokens;
    #[inline]
    fn recursive_parser<I, __TypeOutput, __LanguageOutput>(
        language: ::kirin::parsers::RecursiveParser<'tokens, 'src, I, __LanguageOutput>,
    ) -> ::kirin::parsers::BoxedParser<'tokens, 'src, I, Self::Output<__TypeOutput, __LanguageOutput>>
    where
        I: ::kirin::parsers::TokenInput<'tokens, 'src>,
        __TypeOutput: Clone + PartialEq + 'tokens,
        __LanguageOutput: Clone + PartialEq + 'tokens,
    {
        use kirin::parsers::chumsky::prelude::*;
        {
            use kirin::parsers::Token;
            ::kirin::parsers::chumsky::prelude::just(Token::Identifier("return"))
                .ignore_then(::kirin::parsers::ssa_value::<_, SimpleType>())
                .map(
                    |field_0| -> ReturnAST<'tokens, 'src, __TypeOutput, __LanguageOutput> {
                        ReturnAST(
                            field_0,
                            ::core::marker::PhantomData::<
                                fn() -> (&'tokens (), &'src (), __TypeOutput, __LanguageOutput),
                            >,
                        )
                    },
                )
        }
        .boxed()
    }
}
#[automatically_derived]
impl<'tokens, 'src: 'tokens> ::kirin::parsers::HasParser<'tokens, 'src> for Return
where
    SimpleType: ::kirin::parsers::HasParser<'tokens, 'src> + 'tokens,
{
    type Output = ReturnASTSelf<
        'tokens,
        'src,
        <SimpleType as ::kirin::parsers::HasParser<'tokens, 'src>>::Output,
    >;
    fn parser<I>() -> ::kirin::parsers::BoxedParser<'tokens, 'src, I, Self::Output>
    where
        I: ::kirin::parsers::TokenInput<'tokens, 'src>,
    {
        use kirin::parsers::chumsky::prelude::*;
        ::kirin::parsers::chumsky::recursive::recursive(|language| {
            <Return as ::kirin::parsers::HasDialectParser<'tokens, 'src>>::recursive_parser::<
                I,
                <SimpleType as ::kirin::parsers::HasParser<'tokens, 'src>>::Output,
                Self::Output,
            >(language)
            .map(|inner| ReturnASTSelf::new(inner))
        })
        .boxed()
    }
}
