---
source: crates/kirin-chumsky-format/src/generate/tests.rs
expression: emit
---
#[automatically_derived]
impl<'tokens, 'src: 'tokens, TypeOutput, LanguageOutput, Language>
    ::kirin::parsers::EmitIR<Language> for ConstantAST<'tokens, 'src, TypeOutput, LanguageOutput>
where
    Language: ::kirin::ir::Dialect + From<Constant>,
    TypeOutput: Clone + PartialEq,
    LanguageOutput: Clone + PartialEq + 'tokens,
    SimpleType: ::kirin::parsers::HasParser<'tokens, 'src> + 'tokens,
    <SimpleType as ::kirin::parsers::HasParser<'tokens, 'src>>::Output:
        ::kirin::parsers::EmitIR<Language, Output = <Language as ::kirin::ir::Dialect>::Type>,
{
    type Output = ::kirin::ir::Statement;
    fn emit(&self, ctx: &mut ::kirin::parsers::EmitContext<'_, Language>) -> Self::Output {
        let Self {
            value: f_value,
            res: f_res,
            ..
        } = self;
        let f_value_ir = f_value.clone();
        let f_res_ir = ::kirin::parsers::EmitIR::emit(f_res, ctx);
        let dialect_variant: Constant = Constant {
            value: f_value_ir,
            res: f_res_ir.into(),
        };
        ctx.stage.statement().definition(dialect_variant).new()
    }
}
#[automatically_derived]
impl<'tokens, 'src, TypeOutput, Language> ::kirin::parsers::EmitIR<Language>
    for ConstantASTSelf<'tokens, 'src, TypeOutput>
where
    Language: ::kirin::ir::Dialect + From<Constant>,
    TypeOutput: Clone + PartialEq,
    'src: 'tokens,
    SimpleType: ::kirin::parsers::HasParser<'tokens, 'src> + 'tokens,
    <SimpleType as ::kirin::parsers::HasParser<'tokens, 'src>>::Output:
        ::kirin::parsers::EmitIR<Language, Output = <Language as ::kirin::ir::Dialect>::Type>,
{
    type Output = ::kirin::ir::Statement;
    fn emit(&self, ctx: &mut ::kirin::parsers::EmitContext<'_, Language>) -> Self::Output {
        ::kirin::parsers::EmitIR::emit(&self.0, ctx)
    }
}
