---
source: crates/kirin-chumsky-format/src/generate/tests.rs
expression: parser
---
impl<'tokens, 'src: 'tokens, Language> ::kirin::parsers::HasDialectParser<'tokens, 'src, Language>
    for EmptyLang
where
    Language: ::kirin::ir::Dialect + 'tokens,
    SimpleType: ::kirin::parsers::HasParser<'tokens, 'src> + 'tokens,
{
    type Output = EmptyLangAST<'tokens, 'src, Language>;
    type TypeAST = <SimpleType as ::kirin::parsers::HasParser<'tokens, 'src>>::Output;
    #[inline]
    fn recursive_parser<I>(
        language: ::kirin::parsers::RecursiveParser<
            'tokens,
            'src,
            I,
            <Language as ::kirin::parsers::HasDialectParser<'tokens, 'src, Language>>::Output,
        >,
    ) -> ::kirin::parsers::BoxedParser<'tokens, 'src, I, Self::Output>
    where
        I: ::kirin::parsers::TokenInput<'tokens, 'src>,
        Language: ::kirin::parsers::HasDialectParser<'tokens, 'src, Language>,
    {
        use kirin::parsers::chumsky::prelude::*;
        let parser: ::kirin::parsers::BoxedParser<
            'tokens,
            'src,
            I,
            EmptyLangAST<'tokens, 'src, Language>,
        > = ::kirin::parsers::chumsky::prelude::empty()
            .map(|_: ()| unreachable!())
            .boxed();
        unsafe { ::core::mem::transmute(parser) }
    }
}
impl<'tokens, 'src: 'tokens> ::kirin::parsers::HasParser<'tokens, 'src> for EmptyLang
where
    SimpleType: ::kirin::parsers::HasParser<'tokens, 'src> + 'tokens,
{
    type Output = EmptyLangAST<'tokens, 'src, EmptyLang>;
    fn parser<I>() -> ::kirin::parsers::BoxedParser<'tokens, 'src, I, Self::Output>
    where
        I: ::kirin::parsers::TokenInput<'tokens, 'src>,
    {
        use kirin::parsers::chumsky::prelude::*;
        :: kirin :: parsers :: chumsky :: recursive :: recursive (| language | { < EmptyLang as :: kirin :: parsers :: HasDialectParser < 'tokens , 'src , EmptyLang , >> :: recursive_parser (language) }) . boxed ()
    }
}
