---
source: crates/kirin-chumsky-format/src/generate/tests.rs
expression: parser
---
impl<'tokens, 'src: 'tokens, Language> ::kirin::parsers::HasDialectParser<'tokens, 'src, Language>
    for Branch
where
    Language: ::kirin::ir::Dialect + 'tokens,
    SimpleType: ::kirin::parsers::HasParser<'tokens, 'src> + 'tokens,
{
    type Output = BranchAST<'tokens, 'src, Language>;
    type TypeAST = <SimpleType as ::kirin::parsers::HasParser<'tokens, 'src>>::Output;
    #[inline]
    fn recursive_parser<I>(
        language: ::kirin::parsers::RecursiveParser<
            'tokens,
            'src,
            I,
            <Language as ::kirin::parsers::HasDialectParser<'tokens, 'src, Language>>::Output,
        >,
    ) -> ::kirin::parsers::BoxedParser<'tokens, 'src, I, Self::Output>
    where
        I: ::kirin::parsers::TokenInput<'tokens, 'src>,
        Language: ::kirin::parsers::HasDialectParser<'tokens, 'src, Language>,
    {
        use kirin::parsers::chumsky::prelude::*;
        {
            use kirin::parsers::Token;
            ::kirin::parsers::chumsky::prelude::just(Token::Identifier("br"))
                .ignore_then(::kirin::parsers::block_label())
                .map(|target| -> BranchAST<'tokens, 'src, Language> {
                    BranchAST {
                        target: target,
                        _marker: ::core::marker::PhantomData::<
                            fn() -> (&'tokens (), &'src (), Language),
                        >,
                    }
                })
        }
        .boxed()
    }
}
impl<'tokens, 'src: 'tokens> ::kirin::parsers::HasParser<'tokens, 'src> for Branch
where
    SimpleType: ::kirin::parsers::HasParser<'tokens, 'src> + 'tokens,
{
    type Output = BranchAST<'tokens, 'src, Branch>;
    fn parser<I>() -> ::kirin::parsers::BoxedParser<'tokens, 'src, I, Self::Output>
    where
        I: ::kirin::parsers::TokenInput<'tokens, 'src>,
    {
        use kirin::parsers::chumsky::prelude::*;
        ::kirin::parsers::chumsky::recursive::recursive(|language| {
            <Branch as ::kirin::parsers::HasDialectParser<'tokens, 'src, Branch>>::recursive_parser(
                language,
            )
        })
        .boxed()
    }
}
