---
source: crates/kirin-chumsky-format/src/generate/tests.rs
expression: ast
---
#[derive(Clone, Debug, PartialEq)]
pub enum TupleLangAST<'tokens, 'src, Language>
where
    Language: ::kirin::ir::Dialect,
{
    Return(
        ::kirin::parsers::SSAValue<
            'src,
            <SimpleType as ::kirin::parsers::HasParser<'tokens, 'src>>::Output,
        >,
    ),
    Neg(
        ::kirin::parsers::SSAValue<
            'src,
            <SimpleType as ::kirin::parsers::HasParser<'tokens, 'src>>::Output,
        >,
        ::kirin::parsers::ResultValue<
            'src,
            <SimpleType as ::kirin::parsers::HasParser<'tokens, 'src>>::Output,
        >,
    ),
    #[doc(hidden)]
    __Marker(
        ::core::marker::PhantomData<fn() -> (&'tokens (), &'src (), Language)>,
        ::core::convert::Infallible,
    ),
}
