---
source: crates/kirin-chumsky-format/src/generate/tests.rs
expression: pretty
---
impl ::kirin::pretty::PrettyPrint<Return> for Return {
    fn pretty_print<'a>(
        &self,
        doc: &'a ::kirin::pretty::Document<'a, Return>,
    ) -> ::kirin::pretty::ArenaDoc<'a> {
        use kirin::pretty::DocAllocator;
        let Return(f0) = self;
        doc.text("return ") + ::kirin::pretty::PrettyPrint::pretty_print(f0, doc)
    }
}
