---
source: crates/kirin-chumsky-format/src/generate/tests.rs
expression: emit
---
impl<'tokens, 'src: 'tokens, TypeOutput, LanguageOutput, Language>
    ::kirin::parsers::EmitIR<Language> for BranchAST<'tokens, 'src, TypeOutput, LanguageOutput>
where
    Language: ::kirin::ir::Dialect + From<Branch>,
    TypeOutput: Clone + PartialEq,
    LanguageOutput: Clone + PartialEq + 'tokens,
    LanguageOutput: ::kirin::parsers::EmitIR<Language, Output = ::kirin::ir::Statement>,
    SimpleType: ::kirin::parsers::HasParser<'tokens, 'src> + 'tokens,
    <SimpleType as ::kirin::parsers::HasParser<'tokens, 'src>>::Output:
        ::kirin::parsers::EmitIR<Language, Output = <Language as ::kirin::ir::Dialect>::Type>,
{
    type Output = ::kirin::ir::Statement;
    fn emit(&self, ctx: &mut ::kirin::parsers::EmitContext<'_, Language>) -> Self::Output {
        let Self {
            target: f_target, ..
        } = self;
        let f_target_ir: ::kirin::ir::Successor = ::kirin::parsers::EmitIR::emit(f_target, ctx);
        let dialect_variant: Branch = Branch {
            target: f_target_ir.into(),
        };
        ctx.stage.statement().definition(dialect_variant).new()
    }
}
impl<'tokens, 'src, TypeOutput, Language> ::kirin::parsers::EmitIR<Language>
    for BranchASTSelf<'tokens, 'src, TypeOutput>
where
    Language: ::kirin::ir::Dialect + From<Branch>,
    TypeOutput: Clone + PartialEq,
    'src: 'tokens,
    SimpleType: ::kirin::parsers::HasParser<'tokens, 'src> + 'tokens,
    <SimpleType as ::kirin::parsers::HasParser<'tokens, 'src>>::Output:
        ::kirin::parsers::EmitIR<Language, Output = <Language as ::kirin::ir::Dialect>::Type>,
{
    type Output = ::kirin::ir::Statement;
    fn emit(&self, ctx: &mut ::kirin::parsers::EmitContext<'_, Language>) -> Self::Output {
        ::kirin::parsers::EmitIR::emit(&self.0, ctx)
    }
}
