---
source: crates/kirin-chumsky-format/src/generate/tests.rs
expression: ast
---
#[derive(Clone, Debug, PartialEq)]
pub struct ConstantAST<'tokens, 'src, Language>
where
    Language: ::kirin::ir::Dialect,
{
    pub res: ::kirin::parsers::ResultValue<
        'src,
        <SimpleType as ::kirin::parsers::HasParser<'tokens, 'src>>::Output,
    >,
    pub value: <Value as ::kirin::parsers::HasParser<'tokens, 'src>>::Output,
    #[doc(hidden)]
    _marker: ::core::marker::PhantomData<fn() -> (&'tokens (), &'src (), Language)>,
}
