---
source: crates/kirin-chumsky-format/src/generate/tests.rs
expression: emit
---
impl<'tokens, 'src: 'tokens, Language: ::kirin_ir::Dialect> ::kirin_chumsky::EmitIR<Language>
    for FunctionAST<'tokens, 'src, Language>
where
    Language: ::kirin_ir::Dialect + From<Function>,
    <SimpleType as ::kirin_chumsky::HasParser<'tokens, 'src>>::Output:
        ::kirin_chumsky::EmitIR<Language, Output = <Language as ::kirin_ir::Dialect>::TypeLattice>,
{
    type Output = ::kirin_ir::Statement;
    fn emit(&self, ctx: &mut ::kirin_chumsky::EmitContext<'_, Language>) -> Self::Output {
        let Self {
            res: f_res,
            body: f_body,
        } = self;
        let f_res_ir: ::kirin_ir::ResultValue = ::kirin_chumsky::EmitIR::emit(f_res, ctx);
        let f_body_ir: ::kirin_ir::Region = ::kirin_chumsky::EmitIR::emit(f_body, ctx);
        let dialect_variant: Function = Function {
            res: f_res_ir.into(),
            body: f_body_ir.into(),
        };
        ctx.context.statement().definition(dialect_variant).new()
    }
}
