---
source: crates/kirin-chumsky-format/src/generate/tests.rs
expression: emit
---
#[automatically_derived]
impl<'tokens, 'src: 'tokens, TypeOutput, LanguageOutput, Language>
    ::kirin::parsers::EmitIR<Language> for FunctionAST<'tokens, 'src, TypeOutput, LanguageOutput>
where
    Language: ::kirin::ir::Dialect + From<Function>,
    TypeOutput: Clone + PartialEq,
    LanguageOutput: Clone + PartialEq + 'tokens,
    LanguageOutput: ::kirin::parsers::EmitIR<Language, Output = ::kirin::ir::Statement>,
    SimpleType: ::kirin::parsers::HasParser<'tokens, 'src> + 'tokens,
    <SimpleType as ::kirin::parsers::HasParser<'tokens, 'src>>::Output:
        ::kirin::parsers::EmitIR<Language, Output = <Language as ::kirin::ir::Dialect>::Type>,
{
    type Output = ::kirin::ir::Statement;
    fn emit(&self, ctx: &mut ::kirin::parsers::EmitContext<'_, Language>) -> Self::Output {
        let Self {
            body: f_body,
            res: f_res,
            ..
        } = self;
        let f_body_ir = ::kirin::parsers::EmitIR::emit(f_body, ctx);
        let f_res_ir = ::kirin::parsers::EmitIR::emit(f_res, ctx);
        let dialect_variant: Function = Function {
            body: f_body_ir.into(),
            res: f_res_ir.into(),
        };
        ctx.stage.statement().definition(dialect_variant).new()
    }
}
#[automatically_derived]
impl<'tokens, 'src, TypeOutput, Language> ::kirin::parsers::EmitIR<Language>
    for FunctionASTSelf<'tokens, 'src, TypeOutput>
where
    Language: ::kirin::ir::Dialect + From<Function>,
    TypeOutput: Clone + PartialEq,
    'src: 'tokens,
    SimpleType: ::kirin::parsers::HasParser<'tokens, 'src> + 'tokens,
    <SimpleType as ::kirin::parsers::HasParser<'tokens, 'src>>::Output:
        ::kirin::parsers::EmitIR<Language, Output = <Language as ::kirin::ir::Dialect>::Type>,
{
    type Output = ::kirin::ir::Statement;
    fn emit(&self, ctx: &mut ::kirin::parsers::EmitContext<'_, Language>) -> Self::Output {
        ::kirin::parsers::EmitIR::emit(&self.0, ctx)
    }
}
