---
source: crates/kirin-derive-core-2/src/kirin/context.rs
expression: "format!(\"{:#?}\", data)"
---
Dialect::Struct(
    DialectStruct {
        attrs: KirinGlobalOptions {
            crate_path: Some(
                Path {
                    leading_colon: None,
                    segments: [
                        PathSegment {
                            ident: Ident(
                                some_path,
                            ),
                            arguments: PathArguments::None,
                        },
                    ],
                },
            ),
            type_lattice: Path {
                leading_colon: None,
                segments: [
                    PathSegment {
                        ident: Ident(
                            MyLattice,
                        ),
                        arguments: PathArguments::None,
                    },
                ],
            },
            builder: None,
        },
        statement: Statement {
            attrs: KirinStatementOptions {
                format: None,
                builder: None,
                constant: false,
                pure: false,
                terminator: false,
                crate_path: Ignored,
                type_lattice: Ignored,
            },
            wraps: false,
            fields: [
                Field {
                    attrs: KirinFieldOptions {
                        into: false,
                        default: None,
                        ssa_ty: None,
                    },
                    extra: (),
                },
                Field {
                    attrs: KirinFieldOptions {
                        into: false,
                        default: None,
                        ssa_ty: None,
                    },
                    extra: (),
                },
            ],
            extra: (),
        },
    },
)
