---
source: crates/kirin-derive-core/src/field/mod.rs
expression: rustfmt(generated)
---
impl<'a, T> ::kirin_ir::HasArguments<'a> for TestStructNamedWrap<T> {
    type Iter = <Other as ::kirin_ir::HasArguments>::Iter;
    pub fn arguments(&'a self) -> Self::Iter {
        let Self { a, .. } = self;
        <Other as ::kirin_ir::HasArguments>::arguments(a)
    }
}
