---
source: crates/kirin-derive-dialect/src/field/tests.rs
expression: "case!\n{\n    #[wraps] #[kirin(type = AnotherType)] enum TestEnum<T>\n    { VariantA { wrapped: InnerStructA<T> }, VariantB(InnerStructB), }\n}"
---
#[automatically_derived]
impl<'a, T> kirin::ir::HasArguments<'a> for TestEnum<T> {
    type Iter = TestEnumArgumentsIter<'a, T>;
    fn arguments(&'a self) -> Self::Iter {
        match self {
            Self::VariantA { wrapped } => TestEnumArgumentsIter::VariantA(
                <InnerStructA<T> as kirin::ir::HasArguments>::arguments(wrapped),
            ),
            Self::VariantB(field_0) => TestEnumArgumentsIter::VariantB(
                <InnerStructB as kirin::ir::HasArguments>::arguments(field_0),
            ),
        }
    }
}
#[automatically_derived]
#[doc(hidden)]
pub enum TestEnumArgumentsIter<'a, T> {
    VariantA(<InnerStructA<T> as kirin::ir::HasArguments<'a>>::Iter),
    VariantB(<InnerStructB as kirin::ir::HasArguments<'a>>::Iter),
}
#[automatically_derived]
impl<'a, T> Iterator for TestEnumArgumentsIter<'a, T> {
    type Item = &'a kirin::ir::SSAValue;
    fn next(&mut self) -> Option<Self::Item> {
        match self {
            Self::VariantA(inner) => inner.next(),
            Self::VariantB(inner) => inner.next(),
        }
    }
}
#[automatically_derived]
impl<'a, T> kirin::ir::HasArgumentsMut<'a> for TestEnum<T> {
    type IterMut = TestEnumArgumentsMutIter<'a, T>;
    fn arguments_mut(&'a mut self) -> Self::IterMut {
        match self {
            Self::VariantA { wrapped } => TestEnumArgumentsMutIter::VariantA(
                <InnerStructA<T> as kirin::ir::HasArgumentsMut>::arguments_mut(wrapped),
            ),
            Self::VariantB(field_0) => TestEnumArgumentsMutIter::VariantB(
                <InnerStructB as kirin::ir::HasArgumentsMut>::arguments_mut(field_0),
            ),
        }
    }
}
#[automatically_derived]
#[doc(hidden)]
pub enum TestEnumArgumentsMutIter<'a, T> {
    VariantA(<InnerStructA<T> as kirin::ir::HasArgumentsMut<'a>>::IterMut),
    VariantB(<InnerStructB as kirin::ir::HasArgumentsMut<'a>>::IterMut),
}
#[automatically_derived]
impl<'a, T> Iterator for TestEnumArgumentsMutIter<'a, T> {
    type Item = &'a mut kirin::ir::SSAValue;
    fn next(&mut self) -> Option<Self::Item> {
        match self {
            Self::VariantA(inner) => inner.next(),
            Self::VariantB(inner) => inner.next(),
        }
    }
}
