---
source: crates/kirin-derive-core/src/field/tests/test_struct_mut.rs
expression: generate(input)
---
impl<'a, T> ::kirin::ir::HasArgumentsMut<'a> for TestStruct<T> {
    type Iter = std::iter::Once<&'a mut ::kirin::ir::SSAValue>;
    fn arguments_mut(&'a mut self) -> Self::Iter {
        let Self { a, .. } = self;
        std::iter::once(a)
    }
}
