---
source: crates/kirin-derive-core/src/field/tests/test_enum.rs
expression: generate(input)
---
impl<'a, T> ::kirin::ir::HasArguments<'a> for TestEnum<T> {
    type Iter = TestEnumArgumentsIter<'a>;
    fn arguments(&'a self) -> Self::Iter {
        match self {
            TestEnum::VariantA { a, c, .. } => {
                TestEnumArgumentsIter::VariantA(std::iter::once(a).chain(std::iter::once(c)))
            }
            TestEnum::VariantB(field_0, field_1, field_2, ..) => TestEnumArgumentsIter::VariantB(
                std::iter::once(field_0).chain(std::iter::once(field_2)),
            ),
        }
    }
}
pub enum TestEnumArgumentsIter<'a> {
    VariantA(
        std::iter::Chain<
            std::iter::Once<&'a ::kirin::ir::SSAValue>,
            std::iter::Once<&'a ::kirin::ir::SSAValue>,
        >,
    ),
    VariantB(
        std::iter::Chain<
            std::iter::Once<&'a ::kirin::ir::SSAValue>,
            std::iter::Once<&'a ::kirin::ir::SSAValue>,
        >,
    ),
}
impl<'a> Iterator for TestEnumArgumentsIter<'a> {
    type Item = &'a ::kirin::ir::SSAValue;
    fn next(&mut self) -> Option<Self::Item> {
        match self {
            TestEnumArgumentsIter::VariantA(iter) => iter.next(),
            TestEnumArgumentsIter::VariantB(iter) => iter.next(),
        }
    }
}
