---
source: crates/kirin-derive-core/src/chumsky/format/parse.rs
expression: format
---
Format {
    elements: [
        Token(
            [
                Identifier(
                    "load",
                ),
                Identifier(
                    "something",
                ),
            ],
        ),
        Field(
            "value",
            Some(
                Type,
            ),
        ),
        Token(
            [
                Identifier(
                    "from",
                ),
            ],
        ),
        Field(
            "address",
            None,
        ),
    ],
}
