---
source: crates/kirin-derive-chumsky/src/codegen/emit_ir/generate.rs
expression: generate_emit_ir_code(input)
---
#[automatically_derived]
impl<'t, TypeOutput, LanguageOutput, Language> ::kirin::parsers::EmitIR<Language>
    for ArithOpsAST<'t, TypeOutput, LanguageOutput>
where
    Language: ::kirin::ir::Dialect + From<ArithOps>,
    TypeOutput: Clone + PartialEq,
    LanguageOutput: Clone + PartialEq + 't,
    SimpleType: ::kirin::parsers::HasParser<'t> + 't,
    <SimpleType as ::kirin::parsers::HasParser<'t>>::Output:
        ::kirin::parsers::EmitIR<Language, Output = <Language as ::kirin::ir::Dialect>::Type>,
{
    type Output = ::kirin::ir::Statement;
    fn emit(
        &self,
        ctx: &mut ::kirin::parsers::EmitContext<'_, Language>,
    ) -> ::core::result::Result<Self::Output, ::kirin::parsers::EmitError> {
        match self {
            ArithOpsAST::Add {
                result: f_result,
                lhs: f_lhs,
                rhs: f_rhs,
            } => {
                let f_result_ir = ::kirin::parsers::EmitIR::emit(f_result, ctx)?;
                let f_lhs_ir = f_lhs.clone();
                let f_rhs_ir = f_rhs.clone();
                let dialect_variant: ArithOps = ArithOps::Add {
                    result: f_result_ir.into(),
                    lhs: f_lhs_ir,
                    rhs: f_rhs_ir,
                };
                Ok(ctx.stage.statement().definition(dialect_variant).new())
            }
            ArithOpsAST::Neg {
                result: f_result,
                operand: f_operand,
            } => {
                let f_result_ir = ::kirin::parsers::EmitIR::emit(f_result, ctx)?;
                let f_operand_ir = f_operand.clone();
                let dialect_variant: ArithOps = ArithOps::Neg {
                    result: f_result_ir.into(),
                    operand: f_operand_ir,
                };
                Ok(ctx.stage.statement().definition(dialect_variant).new())
            }
            ArithOpsAST::__Marker(_, unreachable) => match *unreachable {},
        }
    }
}
#[automatically_derived]
impl<'t, TypeOutput, Language> ::kirin::parsers::EmitIR<Language>
    for ArithOpsASTSelf<'t, TypeOutput>
where
    Language: ::kirin::ir::Dialect + From<ArithOps>,
    TypeOutput: Clone + PartialEq,
    SimpleType: ::kirin::parsers::HasParser<'t> + 't,
    <SimpleType as ::kirin::parsers::HasParser<'t>>::Output:
        ::kirin::parsers::EmitIR<Language, Output = <Language as ::kirin::ir::Dialect>::Type>,
{
    type Output = ::kirin::ir::Statement;
    fn emit(
        &self,
        ctx: &mut ::kirin::parsers::EmitContext<'_, Language>,
    ) -> ::core::result::Result<Self::Output, ::kirin::parsers::EmitError> {
        ::kirin::parsers::EmitIR::emit(&self.0, ctx)
    }
}
