---
source: crates/kirin-derive-core/src/instruction/tests.rs
expression: "check::<DeriveHasResults>(&input)"
---
#[automatically_derived]
impl ::kirin_ir::HasResults for WrapperInst {
    fn results(&self) -> impl Iterator<Item = &::kirin_ir::ResultValue> {
        let WrapperInst(wrapped_instruction) = self;
        <wrapped_instruction as ::kirin_ir::HasResults>::results()
    }
}
