---
source: crates/kirin-derive-core/src/instruction/tests.rs
expression: "check::<DeriveHasArguments>(&input)"
---
#[automatically_derived]
impl ::kirin_ir::HasArguments for TestInst {
    fn arguments(&self) -> impl Iterator<Item = &::kirin_ir::SSAValue> {
        __KirinArgumentsIter {
            parent: self,
            index: 0,
        }
    }
}
#[automatically_derived]
pub struct __KirinArgumentsIter<'__kirin_ir_iter_a> {
    parent: &'__kirin_ir_iter_a TestInst,
    index: usize,
}
#[automatically_derived]
impl<'__kirin_ir_iter_a> Iterator for __KirinArgumentsIter<'__kirin_ir_iter_a> {
    type Item = &'__kirin_ir_iter_a ::kirin_ir::SSAValue;
    fn next(&mut self) -> Option<Self::Item> {
        match self.parent {
            TestInst::NotPureOp { arg1, arg2, .. } => match self.index {
                0 => {
                    self.index += 1;
                    Some(arg1)
                }
                1 => {
                    self.index += 1;
                    Some(arg2)
                }
                _ => None,
            },
            _ => None,
        }
    }
}
