---
source: crates/kirin-derive-core/src/instruction/tests.rs
expression: "check::<DeriveIsTerminator>(&input)"
---
#[automatically_derived]
impl ::kirin_ir::IsTerminator for TestInst {
    fn is_terminator(&self) -> bool {
        match self {
            Self::Terminate { .. } => true,
            Self::Constant { .. } => false,
            Self::NotPureOp { .. } => false,
        }
    }
}
