---
source: crates/kirin-derive-core/src/instruction/tests.rs
expression: "check::<DeriveHasRegions>(&input)"
---
#[automatically_derived]
impl ::kirin_ir::HasRegions for WrapperInst {
    fn regions(&self) -> impl Iterator<Item = &::kirin_ir::Region> {
        match self {
            Self::WrapA(wrapped_instruction) => {
                <wrapped_instruction as ::kirin_ir::HasRegions>::regions()
            }
            Self::WrapB(wrapped_instruction) => {
                <wrapped_instruction as ::kirin_ir::HasRegions>::regions()
            }
        }
    }
}
