---
source: crates/kirin-derive-core/src/name.rs
expression: generate(input)
---
impl ::kirin::ir::HasName for TestEnum {
    fn name(&self) -> String {
        match self {
            Self::VariantA(field_0, ..) => {
                let value = <InnerStructA as ::kirin::ir::HasName>::name(field_0);
                format!("{}.{}", "test_enum", value)
            }
            Self::VariantB { inner, .. } => {
                let value = <InnerStructB as ::kirin::ir::HasName>::name(inner);
                format!("{}.{}", "test_enum", value)
            }
        }
    }
}
