---
source: crates/kirin-derive-core/src/field_mut.rs
expression: generate(input)
---
impl<'a, T> kirin_ir::HasArguments<'a> for TestEnum<T> {
    type Iter = TestEnumArgumentsIterMut<'a>;
    fn arguments(&'a mut self) -> Self::Iter {
        match self {
            TestEnum::VariantA { wrapped, .. } => TestEnumArgumentsIterMut::VariantA(
                <InnerStructA<T> as kirin_ir::HasArguments>::arguments(wrapped),
            ),
            TestEnum::VariantB(field_0, ..) => TestEnumArgumentsIterMut::VariantB(
                <InnerStructB as kirin_ir::HasArguments>::arguments(field_0),
            ),
        }
    }
}
pub enum TestEnumArgumentsIterMut<'a, T> {
    VariantA(<InnerStructA<T> as kirin_ir::HasArguments<'a>>::Iter),
    VariantB(<InnerStructB as kirin_ir::HasArguments<'a>>::Iter),
}
impl<'a, T> Iterator for TestEnumArgumentsIterMut<'a, T> {
    type Item = &'a mut kirin_ir::SSAValue;
    fn next(&mut self) -> Option<Self::Item> {
        match self {
            TestEnumArgumentsIterMut::VariantA(iter) => iter.next(),
            TestEnumArgumentsIterMut::VariantB(iter) => iter.next(),
        }
    }
}
