---
source: crates/kirin-derive-core/src/field.rs
expression: generate(input)
---
impl<'a, T> ::kirin::ir::HasArguments<'a> for TestEnum<T> {
    type Iter = TestEnumArgumentsIter<'a>;
    fn arguments(&'a self) -> Self::Iter {
        match self {
            TestEnum::VariantA { wrapped, .. } => TestEnumArgumentsIter::VariantA(
                <InnerStructA<T> as HasArguments>::arguments(wrapped),
            ),
            TestEnum::VariantB(field_0, ..) => {
                TestEnumArgumentsIter::VariantB(<InnerStructB as HasArguments>::arguments(field_0))
            }
        }
    }
}
pub enum TestEnumArgumentsIter<'a, T> {
    VariantA(<InnerStructA<T> as HasArguments<'a>>::Iter),
    VariantB(<InnerStructB as HasArguments<'a>>::Iter),
}
impl<'a, T> Iterator for TestEnumArgumentsIter<'a, T> {
    type Item = &'a ::kirin::ir::SSAValue;
    fn next(&mut self) -> Option<Self::Item> {
        match self {
            TestEnumArgumentsIter::VariantA(iter) => iter.next(),
            TestEnumArgumentsIter::VariantB(iter) => iter.next(),
        }
    }
}
