---
source: crates/kirin-derive-core/src/name.rs
expression: generate(input)
---
impl ::kirin::ir::HasName for TestEnum {
    fn name(&self) -> String {
        match self {
            Self::VariantA => format!("{}.{}", "custom_enum", "variant_a"),
            Self::VariantB { .. } => format!("{}.{}", "custom_enum", "variant_b"),
            Self::VariantC(..) => format!("{}.{}", "custom_enum", "variant_c"),
        }
    }
}
