---
source: crates/kirin-derive-core/src/field_mut.rs
expression: generate(input)
---
impl<'a, T> HasArguments<'a> for TestEnum<T> {
    type Iter = TestEnumArgumentsIterMut<'a, ::my_crate::SSAValue>;
    fn arguments(&'a mut self) -> Self::Iter {
        match self {
            TestEnum::VariantA { wrapped, .. } => TestEnumArgumentsIterMut::VariantA(
                <InnerStructA<T> as HasArguments>::arguments(wrapped),
            ),
            TestEnum::VariantB(field_0, ..) => TestEnumArgumentsIterMut::VariantB(
                <InnerStructB as HasArguments>::arguments(field_0),
            ),
            TestEnum::VariantC { a, c, .. } => {
                TestEnumArgumentsIterMut::VariantC(std::iter::once(a).chain(std::iter::once(c)))
            }
            TestEnum::VariantD(field_0, field_1, field_2, ..) => {
                TestEnumArgumentsIterMut::VariantD(
                    std::iter::once(field_0).chain(std::iter::once(field_2)),
                )
            }
        }
    }
}
pub enum TestEnumArgumentsIterMut<'a, T> {
    VariantA(<InnerStructA<T> as HasArguments<'a>>::Iter),
    VariantB(<InnerStructB as HasArguments<'a>>::Iter),
    VariantC(
        std::iter::Chain<
            std::iter::Once<&'a mut ::my_crate::SSAValue>,
            std::iter::Once<&'a mut ::my_crate::SSAValue>,
        >,
    ),
    VariantD(
        std::iter::Chain<
            std::iter::Once<&'a mut ::my_crate::SSAValue>,
            std::iter::Once<&'a mut ::my_crate::SSAValue>,
        >,
    ),
}
impl<'a, T> Iterator for TestEnumArgumentsIterMut<'a, T> {
    type Item = &'a mut ::my_crate::SSAValue;
    fn next(&mut self) -> Option<Self::Item> {
        match self {
            TestEnumArgumentsIterMut::VariantA(iter) => iter.next(),
            TestEnumArgumentsIterMut::VariantB(iter) => iter.next(),
            TestEnumArgumentsIterMut::VariantC(iter) => iter.next(),
            TestEnumArgumentsIterMut::VariantD(iter) => iter.next(),
        }
    }
}
