---
source: crates/kirin-derive-core/src/ir/mod.rs
assertion_line: 56
expression: ast
---
Input {
    name: Ident(
        MyAST,
    ),
    generics: Generics {
        lt_token: None,
        params: [],
        gt_token: None,
        where_clause: None,
    },
    attrs: GlobalOptions {
        crate_path: Some(
            Path {
                leading_colon: None,
                segments: [
                    PathSegment {
                        ident: Ident(
                            my_crate,
                        ),
                        arguments: PathArguments::None,
                    },
                ],
            },
        ),
        type_lattice: Path {
            leading_colon: None,
            segments: [
                PathSegment {
                    ident: Ident(
                        MyLattice,
                    ),
                    arguments: PathArguments::None,
                },
            ],
        },
        builder: None,
        constant: false,
        pure: false,
        terminator: false,
    },
    extra_attrs: (),
    data: Struct(
        DataStruct(
            Statement {
                name: Ident(
                    MyAST,
                ),
                attrs: StatementOptions {
                    format: None,
                    builder: None,
                    constant: false,
                    pure: false,
                    terminator: false,
                },
                fields: [
                    FieldInfo {
                        index: 0,
                        ident: Some(
                            Ident(
                                field1,
                            ),
                        ),
                        collection: Single,
                        data: Argument {
                            ssa_type: Expr::Path {
                                attrs: [],
                                qself: None,
                                path: Path {
                                    leading_colon: None,
                                    segments: [
                                        PathSegment {
                                            ident: Ident(
                                                CustomType,
                                            ),
                                            arguments: PathArguments::None,
                                        },
                                    ],
                                },
                            },
                        },
                    },
                    FieldInfo {
                        index: 1,
                        ident: Some(
                            Ident(
                                field2,
                            ),
                        ),
                        collection: Vec,
                        data: Argument {
                            ssa_type: Expr::Path {
                                attrs: [],
                                qself: None,
                                path: Path {
                                    leading_colon: None,
                                    segments: [
                                        PathSegment {
                                            ident: Ident(
                                                CustomType,
                                            ),
                                            arguments: PathArguments::None,
                                        },
                                    ],
                                },
                            },
                        },
                    },
                    FieldInfo {
                        index: 2,
                        ident: Some(
                            Ident(
                                field3,
                            ),
                        ),
                        collection: Option,
                        data: Argument {
                            ssa_type: Expr::Path {
                                attrs: [],
                                qself: None,
                                path: Path {
                                    leading_colon: None,
                                    segments: [
                                        PathSegment {
                                            ident: Ident(
                                                CustomType,
                                            ),
                                            arguments: PathArguments::None,
                                        },
                                    ],
                                },
                            },
                        },
                    },
                    FieldInfo {
                        index: 3,
                        ident: Some(
                            Ident(
                                field4,
                            ),
                        ),
                        collection: Single,
                        data: Result {
                            ssa_type: Expr::Path {
                                attrs: [],
                                qself: None,
                                path: Path {
                                    leading_colon: None,
                                    segments: [
                                        PathSegment {
                                            ident: Ident(
                                                ResultType,
                                            ),
                                            arguments: PathArguments::None,
                                        },
                                    ],
                                },
                            },
                        },
                    },
                    FieldInfo {
                        index: 4,
                        ident: Some(
                            Ident(
                                field5,
                            ),
                        ),
                        collection: Vec,
                        data: Result {
                            ssa_type: Expr::Path {
                                attrs: [],
                                qself: None,
                                path: Path {
                                    leading_colon: None,
                                    segments: [
                                        PathSegment {
                                            ident: Ident(
                                                ResultType,
                                            ),
                                            arguments: PathArguments::None,
                                        },
                                    ],
                                },
                            },
                        },
                    },
                    FieldInfo {
                        index: 5,
                        ident: Some(
                            Ident(
                                field6,
                            ),
                        ),
                        collection: Option,
                        data: Result {
                            ssa_type: Expr::Path {
                                attrs: [],
                                qself: None,
                                path: Path {
                                    leading_colon: None,
                                    segments: [
                                        PathSegment {
                                            ident: Ident(
                                                ResultType,
                                            ),
                                            arguments: PathArguments::None,
                                        },
                                    ],
                                },
                            },
                        },
                    },
                    FieldInfo {
                        index: 6,
                        ident: Some(
                            Ident(
                                field8,
                            ),
                        ),
                        collection: Single,
                        data: Block,
                    },
                    FieldInfo {
                        index: 7,
                        ident: Some(
                            Ident(
                                field9,
                            ),
                        ),
                        collection: Vec,
                        data: Block,
                    },
                    FieldInfo {
                        index: 8,
                        ident: Some(
                            Ident(
                                field10,
                            ),
                        ),
                        collection: Option,
                        data: Block,
                    },
                    FieldInfo {
                        index: 9,
                        ident: Some(
                            Ident(
                                field11,
                            ),
                        ),
                        collection: Single,
                        data: Successor,
                    },
                    FieldInfo {
                        index: 10,
                        ident: Some(
                            Ident(
                                field12,
                            ),
                        ),
                        collection: Vec,
                        data: Successor,
                    },
                    FieldInfo {
                        index: 11,
                        ident: Some(
                            Ident(
                                field13,
                            ),
                        ),
                        collection: Option,
                        data: Successor,
                    },
                    FieldInfo {
                        index: 12,
                        ident: Some(
                            Ident(
                                field14,
                            ),
                        ),
                        collection: Single,
                        data: Region,
                    },
                    FieldInfo {
                        index: 13,
                        ident: Some(
                            Ident(
                                field15,
                            ),
                        ),
                        collection: Vec,
                        data: Region,
                    },
                    FieldInfo {
                        index: 14,
                        ident: Some(
                            Ident(
                                field16,
                            ),
                        ),
                        collection: Option,
                        data: Region,
                    },
                    FieldInfo {
                        index: 15,
                        ident: Some(
                            Ident(
                                field7,
                            ),
                        ),
                        collection: Single,
                        data: Value {
                            ty: Type::Path {
                                qself: None,
                                path: Path {
                                    leading_colon: None,
                                    segments: [
                                        PathSegment {
                                            ident: Ident(
                                                String,
                                            ),
                                            arguments: PathArguments::None,
                                        },
                                    ],
                                },
                            },
                            default: None,
                            into: false,
                            extra: (),
                        },
                    },
                ],
                wraps: None,
                extra: (),
                extra_attrs: (),
            },
        ),
    ),
}
