---
source: crates/kirin-derive-interpreter-new/src/frame.rs
expression: generate_lift_error_code(input)
---
#[automatically_derived]
impl ::core::convert::From<InterpreterError> for ToyError {
    fn from(__frame: InterpreterError) -> Self {
        Self::Core(__frame)
    }
}
#[automatically_derived]
impl ::core::convert::From<ArithConversionError> for ToyError {
    fn from(__frame: ArithConversionError) -> Self {
        Self::ArithConversion(__frame)
    }
}
#[automatically_derived]
impl ::core::convert::From<::core::convert::Infallible> for ToyError {
    fn from(error: ::core::convert::Infallible) -> Self {
        match error {}
    }
}
