---
source: crates/kirin-derive-ir/src/tests/dialect.rs
expression: code
---
#[automatically_derived]
impl<L, V> ::core::convert::From<StandardFrame<L, V>> for WrapperFrame<L, V> {
    fn from(from: StandardFrame<L, V>) -> Self {
        Self::Standard(from)
    }
}
#[automatically_derived]
impl<L, V> ::kirin::ir::TryProjectTo<StandardFrame<L, V>> for WrapperFrame<L, V> {
    type Error = ::kirin::ir::ProjectError;
    fn try_project_to(self) -> ::core::result::Result<StandardFrame<L, V>, Self::Error> {
        match self {
            Self::Standard(inner) => Ok(inner),
            _ => Err(::kirin::ir::ProjectError::InvalidVariant),
        }
    }
}
#[automatically_derived]
impl<L, V> ::core::convert::From<ScfFrame<L, V>> for WrapperFrame<L, V> {
    fn from(from: ScfFrame<L, V>) -> Self {
        Self::Scf { frame: from }
    }
}
#[automatically_derived]
impl<L, V> ::kirin::ir::TryProjectTo<ScfFrame<L, V>> for WrapperFrame<L, V> {
    type Error = ::kirin::ir::ProjectError;
    fn try_project_to(self) -> ::core::result::Result<ScfFrame<L, V>, Self::Error> {
        match self {
            Self::Scf { frame: inner } => Ok(inner),
            _ => Err(::kirin::ir::ProjectError::InvalidVariant),
        }
    }
}
