---
source: crates/kirin-derive-ir/src/tests/dialect.rs
expression: generate_dialect_code(input)
---
#[automatically_derived]
impl<'a> ::kirin::ir::HasArguments<'a> for FuncOp {
    type Iter = FuncOpArgumentsIter<'a>;
    fn arguments(&'a self) -> Self::Iter {
        let Self {
            auxiliary,
            implementation,
        } = self;
        FuncOpArgumentsIter {
            inner: std::iter::empty::<&'a ::kirin::ir::SSAValue>(),
        }
    }
}
#[automatically_derived]
#[doc(hidden)]
pub struct FuncOpArgumentsIter<'a> {
    inner: std::iter::Empty<&'a ::kirin::ir::SSAValue>,
}
#[automatically_derived]
impl<'a> Iterator for FuncOpArgumentsIter<'a> {
    type Item = &'a ::kirin::ir::SSAValue;
    fn next(&mut self) -> Option<Self::Item> {
        self.inner.next()
    }
}
#[automatically_derived]
impl<'a> ::kirin::ir::HasArgumentsMut<'a> for FuncOp {
    type IterMut = FuncOpArgumentsMutIter<'a>;
    fn arguments_mut(&'a mut self) -> Self::IterMut {
        let Self {
            auxiliary,
            implementation,
        } = self;
        FuncOpArgumentsMutIter {
            inner: std::iter::empty::<&'a mut ::kirin::ir::SSAValue>(),
        }
    }
}
#[automatically_derived]
#[doc(hidden)]
pub struct FuncOpArgumentsMutIter<'a> {
    inner: std::iter::Empty<&'a mut ::kirin::ir::SSAValue>,
}
#[automatically_derived]
impl<'a> Iterator for FuncOpArgumentsMutIter<'a> {
    type Item = &'a mut ::kirin::ir::SSAValue;
    fn next(&mut self) -> Option<Self::Item> {
        self.inner.next()
    }
}
#[automatically_derived]
impl<'a> ::kirin::ir::HasResults<'a> for FuncOp {
    type Iter = FuncOpResultsIter<'a>;
    fn results(&'a self) -> Self::Iter {
        let Self {
            auxiliary,
            implementation,
        } = self;
        FuncOpResultsIter {
            inner: std::iter::empty::<&'a ::kirin::ir::ResultValue>(),
        }
    }
}
#[automatically_derived]
#[doc(hidden)]
pub struct FuncOpResultsIter<'a> {
    inner: std::iter::Empty<&'a ::kirin::ir::ResultValue>,
}
#[automatically_derived]
impl<'a> Iterator for FuncOpResultsIter<'a> {
    type Item = &'a ::kirin::ir::ResultValue;
    fn next(&mut self) -> Option<Self::Item> {
        self.inner.next()
    }
}
#[automatically_derived]
impl<'a> ::kirin::ir::HasResultsMut<'a> for FuncOp {
    type IterMut = FuncOpResultsMutIter<'a>;
    fn results_mut(&'a mut self) -> Self::IterMut {
        let Self {
            auxiliary,
            implementation,
        } = self;
        FuncOpResultsMutIter {
            inner: std::iter::empty::<&'a mut ::kirin::ir::ResultValue>(),
        }
    }
}
#[automatically_derived]
#[doc(hidden)]
pub struct FuncOpResultsMutIter<'a> {
    inner: std::iter::Empty<&'a mut ::kirin::ir::ResultValue>,
}
#[automatically_derived]
impl<'a> Iterator for FuncOpResultsMutIter<'a> {
    type Item = &'a mut ::kirin::ir::ResultValue;
    fn next(&mut self) -> Option<Self::Item> {
        self.inner.next()
    }
}
#[automatically_derived]
impl<'a> ::kirin::ir::HasBlocks<'a> for FuncOp {
    type Iter = FuncOpBlocksIter<'a>;
    fn blocks(&'a self) -> Self::Iter {
        let Self {
            auxiliary,
            implementation,
        } = self;
        FuncOpBlocksIter {
            inner: std::iter::once(auxiliary),
        }
    }
}
#[automatically_derived]
#[doc(hidden)]
pub struct FuncOpBlocksIter<'a> {
    inner: std::iter::Once<&'a ::kirin::ir::Block>,
}
#[automatically_derived]
impl<'a> Iterator for FuncOpBlocksIter<'a> {
    type Item = &'a ::kirin::ir::Block;
    fn next(&mut self) -> Option<Self::Item> {
        self.inner.next()
    }
}
#[automatically_derived]
impl<'a> ::kirin::ir::HasBlocksMut<'a> for FuncOp {
    type IterMut = FuncOpBlocksMutIter<'a>;
    fn blocks_mut(&'a mut self) -> Self::IterMut {
        let Self {
            auxiliary,
            implementation,
        } = self;
        FuncOpBlocksMutIter {
            inner: std::iter::once(auxiliary),
        }
    }
}
#[automatically_derived]
#[doc(hidden)]
pub struct FuncOpBlocksMutIter<'a> {
    inner: std::iter::Once<&'a mut ::kirin::ir::Block>,
}
#[automatically_derived]
impl<'a> Iterator for FuncOpBlocksMutIter<'a> {
    type Item = &'a mut ::kirin::ir::Block;
    fn next(&mut self) -> Option<Self::Item> {
        self.inner.next()
    }
}
#[automatically_derived]
impl<'a> ::kirin::ir::HasSuccessors<'a> for FuncOp {
    type Iter = FuncOpSuccessorsIter<'a>;
    fn successors(&'a self) -> Self::Iter {
        let Self {
            auxiliary,
            implementation,
        } = self;
        FuncOpSuccessorsIter {
            inner: std::iter::empty::<&'a ::kirin::ir::Successor>(),
        }
    }
}
#[automatically_derived]
#[doc(hidden)]
pub struct FuncOpSuccessorsIter<'a> {
    inner: std::iter::Empty<&'a ::kirin::ir::Successor>,
}
#[automatically_derived]
impl<'a> Iterator for FuncOpSuccessorsIter<'a> {
    type Item = &'a ::kirin::ir::Successor;
    fn next(&mut self) -> Option<Self::Item> {
        self.inner.next()
    }
}
#[automatically_derived]
impl<'a> ::kirin::ir::HasSuccessorsMut<'a> for FuncOp {
    type IterMut = FuncOpSuccessorsMutIter<'a>;
    fn successors_mut(&'a mut self) -> Self::IterMut {
        let Self {
            auxiliary,
            implementation,
        } = self;
        FuncOpSuccessorsMutIter {
            inner: std::iter::empty::<&'a mut ::kirin::ir::Successor>(),
        }
    }
}
#[automatically_derived]
#[doc(hidden)]
pub struct FuncOpSuccessorsMutIter<'a> {
    inner: std::iter::Empty<&'a mut ::kirin::ir::Successor>,
}
#[automatically_derived]
impl<'a> Iterator for FuncOpSuccessorsMutIter<'a> {
    type Item = &'a mut ::kirin::ir::Successor;
    fn next(&mut self) -> Option<Self::Item> {
        self.inner.next()
    }
}
#[automatically_derived]
impl<'a> ::kirin::ir::HasCFG<'a> for FuncOp {
    type Iter = FuncOpCFGIter<'a>;
    fn cfgs(&'a self) -> Self::Iter {
        let Self {
            auxiliary,
            implementation,
        } = self;
        FuncOpCFGIter {
            inner: std::iter::once(implementation),
        }
    }
}
#[automatically_derived]
#[doc(hidden)]
pub struct FuncOpCFGIter<'a> {
    inner: std::iter::Once<&'a ::kirin::ir::CFG>,
}
#[automatically_derived]
impl<'a> Iterator for FuncOpCFGIter<'a> {
    type Item = &'a ::kirin::ir::CFG;
    fn next(&mut self) -> Option<Self::Item> {
        self.inner.next()
    }
}
#[automatically_derived]
impl<'a> ::kirin::ir::HasCFGMut<'a> for FuncOp {
    type IterMut = FuncOpCFGMutIter<'a>;
    fn cfgs_mut(&'a mut self) -> Self::IterMut {
        let Self {
            auxiliary,
            implementation,
        } = self;
        FuncOpCFGMutIter {
            inner: std::iter::once(implementation),
        }
    }
}
#[automatically_derived]
#[doc(hidden)]
pub struct FuncOpCFGMutIter<'a> {
    inner: std::iter::Once<&'a mut ::kirin::ir::CFG>,
}
#[automatically_derived]
impl<'a> Iterator for FuncOpCFGMutIter<'a> {
    type Item = &'a mut ::kirin::ir::CFG;
    fn next(&mut self) -> Option<Self::Item> {
        self.inner.next()
    }
}
#[automatically_derived]
impl<'a> ::kirin::ir::HasDigraphs<'a> for FuncOp {
    type Iter = FuncOpDigraphsIter<'a>;
    fn digraphs(&'a self) -> Self::Iter {
        let Self {
            auxiliary,
            implementation,
        } = self;
        FuncOpDigraphsIter {
            inner: std::iter::empty::<&'a ::kirin::ir::DiGraph>(),
        }
    }
}
#[automatically_derived]
#[doc(hidden)]
pub struct FuncOpDigraphsIter<'a> {
    inner: std::iter::Empty<&'a ::kirin::ir::DiGraph>,
}
#[automatically_derived]
impl<'a> Iterator for FuncOpDigraphsIter<'a> {
    type Item = &'a ::kirin::ir::DiGraph;
    fn next(&mut self) -> Option<Self::Item> {
        self.inner.next()
    }
}
#[automatically_derived]
impl<'a> ::kirin::ir::HasDigraphsMut<'a> for FuncOp {
    type IterMut = FuncOpDigraphsMutIter<'a>;
    fn digraphs_mut(&'a mut self) -> Self::IterMut {
        let Self {
            auxiliary,
            implementation,
        } = self;
        FuncOpDigraphsMutIter {
            inner: std::iter::empty::<&'a mut ::kirin::ir::DiGraph>(),
        }
    }
}
#[automatically_derived]
#[doc(hidden)]
pub struct FuncOpDigraphsMutIter<'a> {
    inner: std::iter::Empty<&'a mut ::kirin::ir::DiGraph>,
}
#[automatically_derived]
impl<'a> Iterator for FuncOpDigraphsMutIter<'a> {
    type Item = &'a mut ::kirin::ir::DiGraph;
    fn next(&mut self) -> Option<Self::Item> {
        self.inner.next()
    }
}
#[automatically_derived]
impl<'a> ::kirin::ir::HasUngraphs<'a> for FuncOp {
    type Iter = FuncOpUngraphsIter<'a>;
    fn ungraphs(&'a self) -> Self::Iter {
        let Self {
            auxiliary,
            implementation,
        } = self;
        FuncOpUngraphsIter {
            inner: std::iter::empty::<&'a ::kirin::ir::UnGraph>(),
        }
    }
}
#[automatically_derived]
#[doc(hidden)]
pub struct FuncOpUngraphsIter<'a> {
    inner: std::iter::Empty<&'a ::kirin::ir::UnGraph>,
}
#[automatically_derived]
impl<'a> Iterator for FuncOpUngraphsIter<'a> {
    type Item = &'a ::kirin::ir::UnGraph;
    fn next(&mut self) -> Option<Self::Item> {
        self.inner.next()
    }
}
#[automatically_derived]
impl<'a> ::kirin::ir::HasUngraphsMut<'a> for FuncOp {
    type IterMut = FuncOpUngraphsMutIter<'a>;
    fn ungraphs_mut(&'a mut self) -> Self::IterMut {
        let Self {
            auxiliary,
            implementation,
        } = self;
        FuncOpUngraphsMutIter {
            inner: std::iter::empty::<&'a mut ::kirin::ir::UnGraph>(),
        }
    }
}
#[automatically_derived]
#[doc(hidden)]
pub struct FuncOpUngraphsMutIter<'a> {
    inner: std::iter::Empty<&'a mut ::kirin::ir::UnGraph>,
}
#[automatically_derived]
impl<'a> Iterator for FuncOpUngraphsMutIter<'a> {
    type Item = &'a mut ::kirin::ir::UnGraph;
    fn next(&mut self) -> Option<Self::Item> {
        self.inner.next()
    }
}
#[automatically_derived]
impl ::kirin::ir::IsTerminator for FuncOp {
    fn is_terminator(&self) -> bool {
        false
    }
}
#[automatically_derived]
impl ::kirin::ir::IsConstant for FuncOp {
    fn is_constant(&self) -> bool {
        false
    }
}
#[automatically_derived]
impl ::kirin::ir::IsPure for FuncOp {
    fn is_pure(&self) -> bool {
        false
    }
}
#[automatically_derived]
impl ::kirin::ir::IsSpeculatable for FuncOp {
    fn is_speculatable(&self) -> bool {
        false
    }
}
#[automatically_derived]
impl ::kirin::ir::IsEdge for FuncOp {
    fn is_edge(&self) -> bool {
        false
    }
}
#[automatically_derived]
impl ::kirin::ir::Dialect for FuncOp {
    type Type = SimpleType;
}
#[automatically_derived]
impl ::kirin::ir::HasSignature<Self> for FuncOp {
    fn signature(&self) -> Option<::kirin::ir::Signature<<Self as ::kirin::ir::Dialect>::Type>> {
        None
    }
}
#[automatically_derived]
impl ::kirin::ir::HasCallableBody for FuncOp {
    fn callable_body(&self) -> ::core::option::Option<::kirin::ir::Body> {
        let Self {
            auxiliary,
            implementation,
        } = self;
        ::core::option::Option::Some(::kirin::ir::Body::from(*implementation))
    }
}
