---
source: crates/kirin-derive-interpreter/src/interpretable/tests.rs
expression: "case!\n{\n    #[kirin(type = T)] #[wraps] enum TestDialect<T>\n    { Arith(Arith<T>), ControlFlow(ControlFlow<T>), }\n}"
---
#[automatically_derived]
impl<T, __InterpI, __InterpL> ::kirin_interpreter::Interpretable<__InterpI, __InterpL>
    for TestDialect<T>
where
    __InterpI: ::kirin_interpreter::Interpreter,
    __InterpL: ::kirin_ir::Dialect,
    Arith<T>: ::kirin_interpreter::Interpretable<__InterpI, __InterpL>,
    ControlFlow<T>: ::kirin_interpreter::Interpretable<__InterpI, __InterpL>,
{
    fn interpret(
        &self,
        interpreter: &mut __InterpI,
    ) -> Result<::kirin_interpreter::Continuation<__InterpI::Value, __InterpI::Ext>, __InterpI::Error>
    {
        match self {
            Self::Arith(field_0) => field_0.interpret(interpreter),
            Self::ControlFlow(field_0) => field_0.interpret(interpreter),
        }
    }
}
