---
source: crates/kirin-derive-chumsky/src/codegen/ast/mod.rs
expression: generate_ast_code(input)
---
#[derive(Clone, Debug, PartialEq)]
#[doc(hidden)]
pub enum ArithOpsAST<'t, TypeOutput, LanguageOutput>
where
    TypeOutput: Clone + PartialEq + 't,
    LanguageOutput: Clone + PartialEq + 't,
{
    Add {
        result: ::kirin::parsers::ResultValue<
            't,
            <SimpleType as ::kirin::parsers::HasParser<'t>>::Output,
        >,
        lhs: <Value as ::kirin::parsers::HasParser<'t>>::Output,
        rhs: <Value as ::kirin::parsers::HasParser<'t>>::Output,
    },
    Neg {
        result: ::kirin::parsers::ResultValue<
            't,
            <SimpleType as ::kirin::parsers::HasParser<'t>>::Output,
        >,
        operand: <Value as ::kirin::parsers::HasParser<'t>>::Output,
    },
    #[doc(hidden)]
    __Marker(
        ::core::marker::PhantomData<fn() -> (&'t (), TypeOutput, LanguageOutput)>,
        ::core::convert::Infallible,
    ),
}
#[derive(Clone, Debug, PartialEq)]
#[doc(hidden)]
pub struct ArithOpsASTSelf<'t, TypeOutput>(
    pub ArithOpsAST<'t, TypeOutput, ArithOpsASTSelf<'t, TypeOutput>>,
    ::core::marker::PhantomData<fn() -> (&'t (), TypeOutput)>,
)
where
    TypeOutput: Clone + PartialEq;
impl<'t, TypeOutput> ArithOpsASTSelf<'t, TypeOutput>
where
    TypeOutput: Clone + PartialEq,
{
    #[doc = r" Creates a new ASTSelf wrapper."]
    pub fn new(inner: ArithOpsAST<'t, TypeOutput, ArithOpsASTSelf<'t, TypeOutput>>) -> Self {
        Self(inner, ::core::marker::PhantomData)
    }
}
