---
source: crates/kirin-derive-interpreter/src/interpretable.rs
expression: generate_interpretable_code(input)
---
#[automatically_derived]
impl<T: CompileTimeValue, __InterpI> ::kirin_interpreter::Interpretable<__InterpI> for Lexical<T>
where
    __InterpI: ::kirin_interpreter::Interp,
    Function<T>: ::kirin_interpreter::Interpretable<__InterpI>,
    Call<T>: ::kirin_interpreter::Interpretable<__InterpI>,
    Return<T>: ::kirin_interpreter::Interpretable<__InterpI>,
{
    fn interpret(
        &self,
        ctx: &mut ::kirin_interpreter::Ctx<'_, __InterpI>,
    ) -> Result<
        ::kirin_interpreter::Effect<
            <__InterpI as ::kirin_interpreter::Interp>::Value,
            <__InterpI as ::kirin_interpreter::Interp>::Error,
        >,
        <__InterpI as ::kirin_interpreter::Interp>::Error,
    > {
        match self {
            Self::Function(field_0) => <Function<T> as ::kirin_interpreter::Interpretable<
                __InterpI,
            >>::interpret(field_0, ctx),
            Self::Call(field_0) => {
                <Call<T> as ::kirin_interpreter::Interpretable<__InterpI>>::interpret(field_0, ctx)
            }
            Self::Return(field_0) => {
                <Return<T> as ::kirin_interpreter::Interpretable<__InterpI>>::interpret(
                    field_0, ctx,
                )
            }
        }
    }
}
