---
source: crates/kirin-derive-core/src/field/struct_impl/named_regular.rs
expression: rustfmt(generated)
---
impl<'a, T> ::kirin_ir::HasArguments<'a> for TestStruct<T> {
    type Iter = std::iter::Chain<std::iter::Once<&'a SSAValue>, std::iter::Once<&'a SSAValue>>;
    fn arguments(&'a self) -> Self::Iter {
        let Self { a, b, .. } = self;
        std::iter::once(a).chain(std::iter::once(b))
    }
}
